DEBUG:gamegine:Creating new game: FRC Crescendo 2024
DEBUG:gamegine:Circular pattern with angle: 360.0000 °
DEBUG:gamegine:Increment: 120.0000 °
DEBUG:gamegine:Doubled: 240.0000 °
DEBUG:gamegine:120.0000 °
DEBUG:gamegine:Raw: -2.094396 Angle: -120.0000 °
DEBUG:gamegine:Rads: -2.094396
DEBUG:gamegine:240.0000 °
DEBUG:gamegine:Raw: -4.188792 Angle: -240.0000 °
DEBUG:gamegine:Rads: -4.188792
INFO:gamegine:Initializing Swerve Point Variables...
DEBUG:gamegine:Adding magnitude equality constraint of 1.524 to control point 0
DEBUG:gamegine:Adding magnitude equality constraint of 4.1148 to control point 0
INFO:gamegine:Applied waypoint constraint (<function PositionEquals.<locals>._position_equals at 0x1037c6d40>).
DEBUG:gamegine:Adding magnitude equality constraint of 0.0 to control point 0
DEBUG:gamegine:Adding magnitude equality constraint of 0.0 to control point 0
INFO:gamegine:Applied waypoint constraint (<function VelocityEquals.<locals>._velocity_equals at 0x1037c7060>).
DEBUG:gamegine:Adding magnitude equality constraint of 13.716000000000001 to control point 40
DEBUG:gamegine:Adding magnitude equality constraint of 4.1148 to control point 40
INFO:gamegine:Applied waypoint constraint (<function PositionEquals.<locals>._position_equals at 0x1037c71a0>).
DEBUG:gamegine:Adding magnitude equality constraint of 0.0 to control point 40
DEBUG:gamegine:Adding magnitude equality constraint of 0.0 to control point 40
INFO:gamegine:Applied waypoint constraint (<function VelocityEquals.<locals>._velocity_equals at 0x1037c7240>).
WARNING:gamegine:Newly generated corridor 8 (point 11) does NOT overlap previous 7!
WARNING:gamegine:Newly generated corridor 18 (point 35) does NOT overlap previous 17!
DEBUG:gamegine:Generated Safe Corridor with 24 rectangles for path containing 41 points
WARNING:gamegine:Gap detected between corridor 7 (point 10) and 8 (point 11)!
WARNING:gamegine:C7: Rectangle(x=1.4173 m, y=0.5082 m, width=1.7051 m, height=2.9129 m)
WARNING:gamegine:C8: Rectangle(x=6.1635 m, y=3.4665 m, width=4.2153 m, height=1.2749 m)
WARNING:gamegine:Gap detected between corridor 17 (point 34) and 18 (point 35)!
WARNING:gamegine:C17: Rectangle(x=6.1700 m, y=3.4665 m, width=4.2070 m, height=1.2749 m)
WARNING:gamegine:C18: Rectangle(x=13.4182 m, y=0.5097 m, width=1.7080 m, height=2.9082 m)
User-configured exit conditions:
  ↳ error below 0.01
  ↳ iteration callback requested stop
  ↳ executed 10000 iterations
  ↳ 30s elapsed

Problem structure:
  ↳ linear cost function
  ↳ nonlinear equality constraints
  ↳ quadratic inequality constraints

1218 decision variables
688 equality constraints
  ↳ 448 linear
  ↳ 120 quadratic
  ↳ 120 nonlinear
970 inequality constraints
  ↳ 489 linear
  ↳ 481 quadratic

Invoking IPM solver...

┏━━━━┯━━━━┯━━━━━━━━━┯━━━━━━━━━━━━┯━━━━━━━━━━━━━┯━━━━━━━━━━━━┯━━━━━━━━━━━━┯━━━━━━━━┯━━━━━┯━━━━━━━━┯━━━━━━━━┯━━┓
┃iter│type│time (ms)│   error    │    cost     │  infeas.   │complement. │   μ    │ reg │primal α│ dual α │↩ ┃
┡━━━━┷━━━━┷━━━━━━━━━┷━━━━━━━━━━━━┷━━━━━━━━━━━━━┷━━━━━━━━━━━━┷━━━━━━━━━━━━┷━━━━━━━━┷━━━━━┷━━━━━━━━┷━━━━━━━━┷━━┩
│   0 norm     1.620 2.415802e+05  1.740566e+00 3.853818e+07 1.687357e+05 1.00e-01 10⁻⁴  3.00e-01 2.87e-06  0│
│   1 norm     1.656 1.585639e+05  2.735601e+00 2.524100e+07 6.778759e+04 1.00e-01 10⁻⁴  3.44e-01 2.36e-01  0│
│   2 norm     1.366 1.264832e+05  2.966442e+00 2.013389e+07 5.599187e+03 1.00e-01 10⁻¹  2.02e-01 5.06e-01  0│
│   3 norm     1.128 8.240407e+04  3.253596e+00 1.311726e+07 1.506852e+03 1.00e-01  1    3.48e-01 5.04e-01  0│
│   4 norm     1.108 5.996996e+04  3.394035e+00 9.546144e+06 1.259149e+03 1.00e-01  1    2.72e-01 1.81e-01  0│
│   5 norm     1.016 4.549648e+04  3.473241e+00 7.242221e+06 1.084296e+03 1.00e-01  1    2.41e-01 1.56e-01  0│
│   6 norm     1.016 3.536144e+04  3.528156e+00 5.628898e+06 9.324914e+02 1.00e-01  1    2.23e-01 1.56e-01  0│
│   7 norm     1.147 2.912658e+04  3.565568e+00 4.636419e+06 8.402620e+02 1.00e-01 10⁻¹  1.76e-01 1.14e-01  0│
│   8 norm     1.094 2.353309e+04  3.612530e+00 3.746028e+06 5.254245e+02 1.00e-01 10⁻¹  1.92e-01 3.95e-01  0│
│   9 norm     1.336 1.591566e+04  3.664725e+00 2.533435e+06 3.775706e+02 1.00e-01 10⁻¹  3.24e-01 3.30e-01  0│
│  10 norm     1.268 1.127216e+04  3.696439e+00 1.794220e+06 3.300004e+02 1.00e-01 10⁻²  2.92e-01 1.73e-01  0│
│  11 norm     1.035 6.118103e+03  3.731854e+00 9.734187e+05 2.923650e+02 1.00e-01 10⁻²  4.57e-01 1.80e-01  0│
│  12 norm     1.000 4.473373e+03  3.752657e+00 7.115498e+05 2.341815e+02 1.00e-01 10⁻²  2.69e-01 2.81e-01  0│
│  13 norm     1.087 1.250043e+03  3.729213e+00 1.987524e+05 1.643702e+02 1.00e-01 10⁻¹  7.21e-01 4.96e-01  0│
│  14 norm     0.992 9.935390e+02  3.717878e+00 1.579557e+05 1.179684e+02 1.00e-01 10⁻²  2.05e-01 5.55e-01  0│
│  15 norm     0.995 9.906270e+02  3.716870e+00 1.574927e+05 1.153399e+02 1.00e-01 10⁻²  2.93e-03 5.99e-02  0│
│  16 norm     1.287 9.473001e+02  3.658280e+00 1.505685e+05 1.158507e+02 1.00e-01 10⁻²  4.37e-02 5.28e-03  0│
│  17 norm     1.099 7.921604e+02  3.645702e+00 1.251387e+05 1.180044e+02 1.00e-01 10⁻³  1.64e-01 5.72e-02  0│
│  18 norm     1.036 6.060893e+02  3.660610e+00 9.420417e+04 1.166945e+02 1.00e-01 10⁻³  2.35e-01 1.49e-01  0│
│  19 norm     1.096 3.688861e+01  3.737707e+00 1.520328e+03 9.889171e+01 1.00e-01 10⁻²  1.00e+00 7.44e-01  0│
┢━━━━┯━━━━┯━━━━━━━━━┯━━━━━━━━━━━━┯━━━━━━━━━━━━━┯━━━━━━━━━━━━┯━━━━━━━━━━━━┯━━━━━━━━┯━━━━━┯━━━━━━━━┯━━━━━━━━┯━━┪
┃iter│type│time (ms)│   error    │    cost     │  infeas.   │complement. │   μ    │ reg │primal α│ dual α │↩ ┃
┡━━━━┷━━━━┷━━━━━━━━━┷━━━━━━━━━━━━┷━━━━━━━━━━━━━┷━━━━━━━━━━━━┷━━━━━━━━━━━━┷━━━━━━━━┷━━━━━┷━━━━━━━━┷━━━━━━━━┷━━┩
│  20 norm     1.008 7.772674e+01  3.892967e+00 3.235594e+03 1.068968e+02 1.00e-01 10⁻³  1.00e+00 4.12e-01  0│
│  21 norm     1.007 2.458138e+02  4.240336e+00 6.437942e+03 8.706836e+01 1.00e-01 10⁻³  1.00e+00 9.45e-01  0│
│  22 norm     0.996 4.699369e+02  5.027060e+00 1.656453e+04 9.290642e+01 1.00e-01 10⁻³  1.00e+00 1.00e+00  0│
│  23 norm     1.022 1.211928e+03  6.671528e+00 2.584828e+04 9.734408e+01 1.00e-01 10⁻³  1.00e+00 6.46e-01  0│
│  24 norm     1.131 3.734517e+03  7.307605e+00 2.809205e+04 1.036058e+02 1.00e-01 10⁻⁴  8.51e-01 2.81e-01  0│
│  25 norm     1.121 1.424363e+02  7.722359e+00 9.359477e+02 9.916064e+01 1.00e-01 10⁻³  1.00e+00 6.90e-01  0│
│  26 norm     1.015 2.198104e+01  7.622293e+00 4.566044e+02 9.628211e+01 1.00e-01 10⁻³  1.00e+00 1.00e+00  0│
│  27 norm     1.014 8.316972e+01  7.710181e+00 7.364934e+02 9.609207e+01 1.00e-01 10⁻⁴  1.00e+00 1.00e+00  0│
│  28 norm     1.075 2.165175e+02  7.739319e+00 1.155959e+03 9.535575e+01 1.00e-01 10⁻⁴  1.00e+00 1.00e+00  0│
│  29 norm     1.088 4.525561e+02  7.747723e+00 1.988348e+03 9.477396e+01 1.00e-01 10⁻⁴  1.00e+00 1.00e+00  0│
│  30 norm     1.013 8.241923e+02  7.751520e+00 3.451336e+03 9.429768e+01 1.00e-01 10⁻⁵  1.00e+00 1.00e+00  0│
│  31 norm     1.196 1.343607e+03  7.754614e+00 5.480461e+03 9.397880e+01 1.00e-01 10⁻⁵  1.00e+00 1.00e+00  0│
│  32 norm     1.031 1.761781e+03  7.756826e+00 6.787900e+03 9.377122e+01 1.00e-01 10⁻⁵  1.00e+00 1.00e+00  0│
│  33 norm     1.034 1.384470e+03  7.758233e+00 5.036347e+03 9.364538e+01 1.00e-01 10⁻⁵  1.00e+00 1.00e+00  0│
│  34 norm     1.060 4.786760e+02  7.758937e+00 1.570014e+03 9.356901e+01 1.00e-01 10⁻⁶  1.00e+00 1.00e+00  0│
│  35 norm     1.096 5.681765e+01  7.759139e+00 1.599141e+02 9.352230e+01 1.00e-01 10⁻⁶  1.00e+00 1.00e+00  0│
│  36 norm     1.147 2.275803e+00  7.759167e+00 5.424600e+00 9.349360e+01 1.00e-01 10⁻⁶  1.00e+00 1.00e+00  0│
│  37 norm     1.159 1.000000e-01  7.759169e+00 6.895738e-02 9.347644e+01 2.83e-03 10⁻⁷  1.00e+00 1.00e+00  0│
│  38 norm     1.115 9.800105e+02  4.905771e+00 7.194705e+03 1.488411e+01 2.83e-03 10⁻⁷  1.00e+00 8.78e-01  0│
│  39 norm     1.202 1.885292e+03  3.945104e+00 2.521965e+04 6.904520e+00 2.83e-03 10⁻⁵  8.16e-01 6.72e-01  0│
┢━━━━┯━━━━┯━━━━━━━━━┯━━━━━━━━━━━━┯━━━━━━━━━━━━━┯━━━━━━━━━━━━┯━━━━━━━━━━━━┯━━━━━━━━┯━━━━━┯━━━━━━━━┯━━━━━━━━┯━━┪
┃iter│type│time (ms)│   error    │    cost     │  infeas.   │complement. │   μ    │ reg │primal α│ dual α │↩ ┃
┡━━━━┷━━━━┷━━━━━━━━━┷━━━━━━━━━━━━┷━━━━━━━━━━━━━┷━━━━━━━━━━━━┷━━━━━━━━━━━━┷━━━━━━━━┷━━━━━┷━━━━━━━━┷━━━━━━━━┷━━┩
│  40 norm     1.098 4.910956e+02  3.624047e+00 9.919420e+03 5.338482e+00 2.83e-03 10⁻⁵  7.88e-01 3.19e-01  0│
│  41 norm     1.008 6.858194e+02  3.447683e+00 6.312326e+03 2.840116e+00 2.83e-03 10⁻⁵  1.00e+00 1.00e+00  0│
│  42 norm     1.020 5.919811e+02  3.362397e+00 6.839177e+03 2.734435e+00 2.83e-03 10⁻⁵  1.00e+00 1.00e+00  0│
│  43 XSOC     0.103 7.923479e-02  3.347125e+00 7.705844e+03 2.731536e+00 2.83e-03 10⁻⁵  6.79e-01 8.20e-01  0│
│  43 norm     1.428 4.522756e+02  3.355808e+00 5.887392e+03 2.737981e+00 2.83e-03 10⁻⁵  3.69e-01 8.92e-01  1│
│  44 XSOC     0.101 1.878017e-01  3.341985e+00 1.001246e+04 2.732384e+00 2.83e-03 10⁻⁶  5.23e-01 1.00e+00  0│
│  44 norm     1.267 3.332606e+02  3.349855e+00 6.124172e+03 2.742856e+00 2.83e-03 10⁻⁶  2.71e-01 1.00e+00  1│
│  45 XSOC     0.094 1.597849e-01  3.319333e+00 2.381076e+04 2.724806e+00 2.83e-03 10⁻⁶  9.18e-01 1.00e+00  0│
│  45 norm     1.238 4.471152e+02  3.339100e+00 8.969339e+03 2.743747e+00 2.83e-03 10⁻⁶  4.98e-01 1.00e+00  1│
│  46 norm     1.029 8.405065e+02  3.320599e+00 1.054352e+04 2.737237e+00 2.83e-03 10⁻⁶  1.00e+00 1.00e+00  0│
│  47 norm     1.017 3.797387e+01  3.317658e+00 6.392987e+02 2.743211e+00 2.83e-03 10⁻⁷  1.00e+00 1.00e+00  0│
│  48 norm     1.005 5.573736e+00  3.317415e+00 4.371775e+01 2.743278e+00 2.83e-03 10⁻⁷  1.00e+00 1.00e+00  0│
│  49 norm     1.008 1.886170e+00  3.317396e+00 9.369655e+00 2.742546e+00 2.83e-03 10⁻⁷  1.00e+00 1.00e+00  0│
│  50 norm     1.006 2.483559e-01  3.317394e+00 1.822089e+00 2.740206e+00 2.83e-03 10⁻⁸  1.00e+00 1.00e+00  0│
│  51 norm     1.001 3.470222e-02  3.317394e+00 2.035153e-01 2.734061e+00 2.83e-03 10⁻⁸  1.00e+00 1.00e+00  0│
│  52 norm     0.987 2.828427e-03  3.317394e+00 8.970554e-03 2.721778e+00 2.83e-03 10⁻⁸  1.00e+00 1.00e+00  0│
└────────────────────────────────────────────────────────────────────────────────────────────────────────────┘
┏━━━━━━━━━━━━━━━━━━━━━━━┯━━━━━━━━━━━━━━━━━━┯━━━━━━━━━━┯━━━━━━━━━┯━━━━┓
┃     solver trace      │     percent      │total (ms)│each (ms)│runs┃
┡━━━━━━━━━━━━━━━━━━━━━━━┷━━━━━━━━━━━━━━━━━━┷━━━━━━━━━━┷━━━━━━━━━┷━━━━┩
│solver                  100.00%▕█████████▏     60.006    60.006    1│
│  ↳ setup                 1.11%▕         ▏      0.665     0.665    1│
│  ↳ iteration            98.41%▕████████▊▏     59.049     1.114   53│
│    ↳ feasibility ✓       0.76%▕         ▏      0.454     0.008   53│
│    ↳ iter callbacks      0.01%▕         ▏      0.007     0.000   53│
│    ↳ KKT matrix build    9.52%▕▊        ▏      5.714     0.107   53│
│    ↳ KKT matrix decomp  49.82%▕████▍    ▏     29.896     0.564   53│
│    ↳ KKT system solve    5.51%▕▍        ▏      3.308     0.062   53│
│    ↳ line search         4.32%▕▍        ▏      2.593     0.048   53│
│      ↳ SOC               0.50%▕         ▏      0.299     0.099    3│
│    ↳ next iter prep      4.30%▕▍        ▏      2.582     0.048   53│
│    ↳ f(x)                0.84%▕         ▏      0.504     0.004  113│
│    ↳ ∇f(x)               0.59%▕         ▏      0.353     0.006   54│
│    ↳ ∇²ₓₓL              16.00%▕█▍       ▏      9.598     0.177   54│
│    ↳ cₑ(x)               3.14%▕▎        ▏      1.887     0.016  113│
│    ↳ ∂cₑ/∂x              3.94%▕▎        ▏      2.367     0.043   54│
│    ↳ cᵢ(x)               2.71%▕▏        ▏      1.626     0.014  113│
│    ↳ ∂cᵢ/∂x              3.48%▕▎        ▏      2.089     0.038   54│
└────────────────────────────────────────────────────────────────────┘
┏━━━━━━━━━━━━━━━━━━━━━━━┯━━━━━━━━━━━━━━━━━━┯━━━━━━━━━━┯━━━━━━━�INFO:gamegine:Computed trajectory parameters: 12.1920 m length, 3.3174 s time, 4.5251 m/s^2^0.5 max velocity, 7.8703 m/s^2^2^0.5 max acceleration.
pygame 2.6.1 (SDL 2.28.4, Python 3.13.5)
Hello from the pygame community. https://www.pygame.org/contribute.html
Name: FRC Crescendo 2024
Testing with straight line path through potential obstacles...
Generating trajectory...
DEBUG: Corridor 0: 1.4185 m, 0.5132 m -> 2.6998 m, 6.7095 m
DEBUG: Corridor 1: 2.3225 m, 0.5081 m -> 2.7019 m, 7.7000 m
DEBUG: Corridor 2: 2.3238 m, 0.5097 m -> 2.7007 m, 7.6523 m
DEBUG: Corridor 3: 2.3262 m, 0.5179 m -> 2.7017 m, 7.7015 m
DEBUG: Corridor 4: 1.4162 m, 0.5179 m -> 3.1240 m, 3.4281 m
DEBUG: Corridor 5: 1.4150 m, 0.5132 m -> 3.1235 m, 3.4288 m
DEBUG: Corridor 6: 1.4188 m, 0.5081 m -> 3.1239 m, 3.4285 m
DEBUG: Corridor 7: 1.4173 m, 0.5082 m -> 3.1224 m, 3.4211 m
DEBUG: Corridor 8: 6.1635 m, 3.4665 m -> 10.3789 m, 4.7414 m
DEBUG: Corridor 9: 6.1628 m, 3.4665 m -> 10.3789 m, 4.7414 m
DEBUG: Corridor 10: 6.1692 m, 3.4665 m -> 10.3763 m, 4.7414 m
DEBUG: Corridor 11: 6.1629 m, 3.4804 m -> 10.3790 m, 4.7431 m
DEBUG: Corridor 12: 6.1627 m, 3.4695 m -> 10.3790 m, 4.7429 m
DEBUG: Corridor 13: 6.1645 m, 3.4804 m -> 10.3784 m, 4.7431 m
DEBUG: Corridor 14: 6.1658 m, 3.4665 m -> 10.3790 m, 4.7414 m
DEBUG: Corridor 15: 6.1643 m, 3.4665 m -> 10.3772 m, 4.7414 m
DEBUG: Corridor 16: 6.3386 m, 0.5097 m -> 10.2100 m, 7.6523 m
DEBUG: Corridor 17: 6.1700 m, 3.4665 m -> 10.3771 m, 4.7414 m
DEBUG: Corridor 18: 13.4182 m, 0.5097 m -> 15.1262 m, 3.4179 m
DEBUG: Corridor 19: 13.4176 m, 0.5132 m -> 15.1267 m, 3.4288 m
DEBUG: Corridor 20: 13.4219 m, 0.5179 m -> 15.1270 m, 3.4281 m
DEBUG: Corridor 21: 13.4185 m, 0.5179 m -> 15.1158 m, 3.4281 m
DEBUG: Corridor 22: 13.8432 m, 0.5082 m -> 14.2182 m, 7.7025 m
DEBUG: Corridor 23: 13.8398 m, 0.5081 m -> 14.2168 m, 7.7000 m
DEBUG_SWERVE: max_torque = 43.40816326530613
DEBUG_SWERVE: max_speed = 102.62543666666664
DEBUG_SWERVE: wheel_radius = 0.0508
DEBUG_SWERVE: max_force_surface_check = 854.4914028603569
DEBUG_SWERVE: max_friction_force = 587.36535264
Trajectory generated successfully.
Time: 3.3174 s
Max Y deviation from straight line: 3.2461361598734584e-08 ft
FAILURE: Trajectory is effectively a straight line! Obstacles ignored.
��━┯━━━━┓
┃    autodiff trace     │     percent      │total (ms)│each (ms)│runs┃
┡━━━━━━━━━━━━━━━━━━━━━━━┷━━━━━━━━━━━━━━━━━━┷━━━━━━━━━━┷━━━━━━━━━┷━━━━┩
│setup                   100.00%▕█████████▏      2.805     2.805    1│
│  ↳ ∇f(x)                 1.25%▕         ▏      0.035     0.035    1│
│  ↳ ∂cₑ/∂x               15.12%▕█▎       ▏      0.424     0.424    1│
│  ↳ ∂cᵢ/∂x                4.88%▕▍        ▏      0.137     0.137    1│
│  ↳ ∇²ₓₓL                58.93%▕█████▎   ▏      1.653     1.653    1│
└────────────────────────────────────────────────────────────────────┘

Exit: success
